[INFO] Scanning for projects...
[INFO] 
[INFO] ----------------------< com.notifyhub:notifyhub >-----------------------
[INFO] Building notifyhub 0.0.1-SNAPSHOT
[INFO]   from pom.xml
[INFO] --------------------------------[ jar ]---------------------------------
[INFO] 
[INFO] >>> spring-boot:3.3.4:run (default-cli) > test-compile @ notifyhub >>>
[INFO] 
[INFO] --- resources:3.3.1:resources (default-resources) @ notifyhub ---
[INFO] Copying 1 resource from src/main/resources to target/classes
[INFO] Copying 0 resource from src/main/resources to target/classes
[INFO] 
[INFO] --- compiler:3.13.0:compile (default-compile) @ notifyhub ---
[INFO] Nothing to compile - all classes are up to date.
[INFO] 
[INFO] --- resources:3.3.1:testResources (default-testResources) @ notifyhub ---
[INFO] skip non existing resourceDirectory /mnt/c/Users/HP/OneDrive/Desktop/notifyhub-1/src/test/resources
[INFO] 
[INFO] --- compiler:3.13.0:testCompile (default-testCompile) @ notifyhub ---
[INFO] Nothing to compile - all classes are up to date.
[INFO] 
[INFO] <<< spring-boot:3.3.4:run (default-cli) < test-compile @ notifyhub <<<
[INFO] 
[INFO] 
[INFO] --- spring-boot:3.3.4:run (default-cli) @ notifyhub ---
[INFO] Attaching agents: []

  .   ____          _            __ _ _
 /\\ / ___'_ __ _ _(_)_ __  __ _ \ \ \ \
( ( )\___ | '_ | '_| | '_ \/ _` | \ \ \ \
 \\/  ___)| |_)| | | | | || (_| |  ) ) ) )
  '  |____| .__|_| |_|_| |_\__, | / / / /
 =========|_|==============|___/=/_/_/_/

 :: Spring Boot ::                (v3.3.4)

2026-08-08T09:26:37.058Z  INFO 56653 --- [notifyhub] [           main] com.notifyhub.NotifyHubApplication       : Starting NotifyHubApplication using Java 17.0.19 with PID 56653 (/mnt/c/Users/HP/OneDrive/Desktop/notifyhub-1/target/classes started by nitish in /mnt/c/Users/HP/OneDrive/Desktop/notifyhub-1)
2026-08-08T09:26:37.072Z  INFO 56653 --- [notifyhub] [           main] com.notifyhub.NotifyHubApplication       : No active profile set, falling back to 1 default profile: "default"
2026-08-08T09:26:46.589Z  INFO 56653 --- [notifyhub] [           main] .s.d.r.c.RepositoryConfigurationDelegate : Bootstrapping Spring Data JPA repositories in DEFAULT mode.
2026-08-08T09:26:48.042Z  INFO 56653 --- [notifyhub] [           main] .s.d.r.c.RepositoryConfigurationDelegate : Finished Spring Data repository scanning in 1367 ms. Found 2 JPA repository interfaces.
2026-08-08T09:26:54.505Z  INFO 56653 --- [notifyhub] [           main] o.s.b.w.embedded.tomcat.TomcatWebServer  : Tomcat initialized with port 8080 (http)
2026-08-08T09:26:54.617Z  INFO 56653 --- [notifyhub] [           main] o.apache.catalina.core.StandardService   : Starting service [Tomcat]
2026-08-08T09:26:54.618Z  INFO 56653 --- [notifyhub] [           main] o.apache.catalina.core.StandardEngine    : Starting Servlet engine: [Apache Tomcat/10.1.30]
2026-08-08T09:26:55.078Z  INFO 56653 --- [notifyhub] [           main] o.a.c.c.C.[Tomcat].[localhost].[/]       : Initializing Spring embedded WebApplicationContext
2026-08-08T09:26:55.081Z  INFO 56653 --- [notifyhub] [           main] w.s.c.ServletWebServerApplicationContext : Root WebApplicationContext: initialization completed in 17724 ms
2026-08-08T09:26:57.519Z  INFO 56653 --- [notifyhub] [           main] o.hibernate.jpa.internal.util.LogHelper  : HHH000204: Processing PersistenceUnitInfo [name: default]
2026-08-08T09:26:58.380Z  INFO 56653 --- [notifyhub] [           main] org.hibernate.Version                    : HHH000412: Hibernate ORM core version 6.5.3.Final
2026-08-08T09:26:58.914Z  INFO 56653 --- [notifyhub] [           main] o.h.c.internal.RegionFactoryInitiator    : HHH000026: Second-level cache disabled
2026-08-08T09:27:03.165Z  INFO 56653 --- [notifyhub] [           main] o.s.o.j.p.SpringPersistenceUnitInfo      : No LoadTimeWeaver setup: ignoring JPA class transformer
2026-08-08T09:27:03.490Z  INFO 56653 --- [notifyhub] [           main] com.zaxxer.hikari.HikariDataSource       : HikariPool-1 - Starting...
2026-08-08T09:27:04.549Z  INFO 56653 --- [notifyhub] [           main] com.zaxxer.hikari.pool.HikariPool        : HikariPool-1 - Added connection org.postgresql.jdbc.PgConnection@6614ecca
2026-08-08T09:27:04.581Z  INFO 56653 --- [notifyhub] [           main] com.zaxxer.hikari.HikariDataSource       : HikariPool-1 - Start completed.
2026-08-08T09:27:16.787Z  INFO 56653 --- [notifyhub] [           main] o.h.e.t.j.p.i.JtaPlatformInitiator       : HHH000489: No JTA platform available (set 'hibernate.transaction.jta.platform' to enable JTA platform integration)
Hibernate: 
    alter table if exists notification 
       alter column payload set data type TEXT
2026-08-08T09:27:17.526Z  INFO 56653 --- [notifyhub] [           main] j.LocalContainerEntityManagerFactoryBean : Initialized JPA EntityManagerFactory for persistence unit 'default'
2026-08-08T09:27:22.394Z  INFO 56653 --- [notifyhub] [           main] r$InitializeUserDetailsManagerConfigurer : Global AuthenticationManager configured with UserDetailsService bean with name appUserDetailsService
2026-08-08T09:27:30.128Z  INFO 56653 --- [notifyhub] [           main] o.s.b.a.e.web.EndpointLinksResolver      : Exposing 2 endpoints beneath base path '/actuator'
2026-08-08T09:27:35.273Z  INFO 56653 --- [notifyhub] [           main] o.s.b.w.embedded.tomcat.TomcatWebServer  : Tomcat started on port 8080 (http) with context path '/'
2026-08-08T09:27:35.311Z  INFO 56653 --- [notifyhub] [           main] com.notifyhub.NotifyHubApplication       : Started NotifyHubApplication in 61.667 seconds (process running for 63.474)
